// Jest Snapshot v1, https://goo.gl/fbAQLP

exports[`Компонент Header Успешный рендер Header 1`] = `
<div>
  <p
    className="text-black text-[18px] font-roboto-400 font-normal mb-[10px]"
  >
    округлите спину 60%
  </p>
  <div
    className="w-auto h-[6px] bg-grayLight  rounded-full "
  >
    <div
      className="rounded-full h-[100%] bg-blueLight"
      style={
        {
          "width": "60%",
        }
      }
    />
  </div>
</div>
`;
